// Jest Snapshot v1, https://goo.gl/fbAQLP

exports[`<TooltipIconButton /> renders correctly 1`] = `
<button
  aria-label="The text"
  aria-labelledby={null}
  className="MuiButtonBase-root MuiIconButton-root MuiIconButton-colorInherit MuiIconButton-sizeMedium css-zylse7-MuiButtonBase-root-MuiIconButton-root"
  data-mui-internal-clone-element={true}
  disabled={false}
  onBlur={[Function]}
  onClick={[Function]}
  onContextMenu={[Function]}
  onDragLeave={[Function]}
  onFocus={[Function]}
  onKeyDown={[Function]}
  onKeyUp={[Function]}
  onMouseDown={[Function]}
  onMouseLeave={[Function]}
  onMouseOver={[Function]}
  onMouseUp={[Function]}
  onTouchEnd={[Function]}
  onTouchMove={[Function]}
  onTouchStart={[Function]}
  tabIndex={0}
  type="button"
>
  <svg
    aria-hidden={true}
    aria-label="Add"
    className="MuiSvgIcon-root MuiSvgIcon-fontSizeInherit css-1vooibu-MuiSvgIcon-root"
    data-testid="AddOutlinedIcon"
    focusable="false"
    viewBox="0 0 24 24"
  >
    <path
      d="M19 13h-6v6h-2v-6H5v-2h6V5h2v6h6v2z"
    />
  </svg>
  <span
    className="MuiTouchRipple-root css-8je8zh-MuiTouchRipple-root"
  />
</button>
`;
